
Usuario@DESKTOP-49I9VH2 MINGW64 ~/Desktop/practicas dsi (master)
$ git init
Reinitialized existing Git repository in C:/Users/Usuario/Desktop/practicas dsi/.git/

Usuario@DESKTOP-49I9VH2 MINGW64 ~/Desktop/practicas dsi (master)
$ git status
On branch master

No commits yet

Untracked files:
  (use "git add <file>..." to include in what will be committed)
        estructura.html

nothing added to commit but untracked files present (use "git add" to track)

Usuario@DESKTOP-49I9VH2 MINGW64 ~/Desktop/practicas dsi (master)
$ git add estructura.html

Usuario@DESKTOP-49I9VH2 MINGW64 ~/Desktop/practicas dsi (master)
$ git commit -m "estructura basica html"
[master (root-commit) eb09c5d] estructura basica html
 1 file changed, 15 insertions(+)
 create mode 100644 estructura.html

Usuario@DESKTOP-49I9VH2 MINGW64 ~/Desktop/practicas dsi (master)
$ git branch -m main

Usuario@DESKTOP-49I9VH2 MINGW64 ~/Desktop/practicas dsi (main)
$ git remote add origin https://github.com/Airton28/Estructura-HTML.git

Usuario@DESKTOP-49I9VH2 MINGW64 ~/Desktop/practicas dsi (main)
$ git push -u origin main
Enumerating objects: 3, done.
Counting objects: 100% (3/3), done.
Delta compression using up to 4 threads
Compressing objects: 100% (2/2), done.
Writing objects: 100% (3/3), 417 bytes | 417.00 KiB/s, done.
Total 3 (delta 0), reused 0 (delta 0), pack-reused 0
To https://github.com/Airton28/Estructura-HTML.git
 * [new branch]      main -> main
branch 'main' set up to track 'origin/main'.

Usuario@DESKTOP-49I9VH2 MINGW64 ~/Desktop/practicas dsi (main)
